[debug] [2026-03-15T09:15:33.822Z] ----------------------------------------------------------------------
[debug] [2026-03-15T09:15:33.835Z] Command:       C:\Program Files\nodejs\node.exe C:\Users\psoha\AppData\Roaming\npm\node_modules\firebase-tools\lib\bin\firebase.js deploy --only functions --project tw-esports-46ca3 --debug
[debug] [2026-03-15T09:15:33.836Z] CLI Version:   15.10.0
[debug] [2026-03-15T09:15:33.836Z] Platform:      win32
[debug] [2026-03-15T09:15:33.836Z] Node Version:  v22.14.0
[debug] [2026-03-15T09:15:33.837Z] Time:          Sun Mar 15 2026 14:45:33 GMT+0530 (India Standard Time)
[debug] [2026-03-15T09:15:33.837Z] ----------------------------------------------------------------------
[debug] 
[debug] [2026-03-15T09:15:37.827Z] > command requires scopes: ["email","openid","https://www.googleapis.com/auth/cloudplatformprojects.readonly","https://www.googleapis.com/auth/firebase","https://www.googleapis.com/auth/cloud-platform"]
[debug] [2026-03-15T09:15:37.830Z] > authorizing via signed-in user (2022.soham.parab@ves.ac.in)
[debug] [2026-03-15T09:15:37.831Z] [iam] checking project tw-esports-46ca3 for permissions ["cloudfunctions.functions.create","cloudfunctions.functions.delete","cloudfunctions.functions.get","cloudfunctions.functions.list","cloudfunctions.functions.update","cloudfunctions.operations.get","firebase.projects.get"]
[debug] [2026-03-15T09:15:37.833Z] Checked if tokens are valid: false, expires at: 1773496879742
[debug] [2026-03-15T09:15:37.834Z] Checked if tokens are valid: false, expires at: 1773496879742
[debug] [2026-03-15T09:15:37.834Z] > refreshing access token with scopes: []
[debug] [2026-03-15T09:15:37.839Z] >>> [apiv2][query] POST https://www.googleapis.com/oauth2/v3/token [none]
[debug] [2026-03-15T09:15:37.839Z] >>> [apiv2][body] POST https://www.googleapis.com/oauth2/v3/token [omitted]
[debug] [2026-03-15T09:15:38.068Z] <<< [apiv2][status] POST https://www.googleapis.com/oauth2/v3/token 200
[debug] [2026-03-15T09:15:38.069Z] <<< [apiv2][body] POST https://www.googleapis.com/oauth2/v3/token [omitted]
[debug] [2026-03-15T09:15:38.078Z] >>> [apiv2][query] POST https://cloudresourcemanager.googleapis.com/v1/projects/tw-esports-46ca3:testIamPermissions [none]
[debug] [2026-03-15T09:15:38.078Z] >>> [apiv2][(partial)header] POST https://cloudresourcemanager.googleapis.com/v1/projects/tw-esports-46ca3:testIamPermissions  x-goog-user-project=tw-esports-46ca3
[debug] [2026-03-15T09:15:38.079Z] >>> [apiv2][body] POST https://cloudresourcemanager.googleapis.com/v1/projects/tw-esports-46ca3:testIamPermissions {"permissions":["cloudfunctions.functions.create","cloudfunctions.functions.delete","cloudfunctions.functions.get","cloudfunctions.functions.list","cloudfunctions.functions.update","cloudfunctions.operations.get","firebase.projects.get"]}
[debug] [2026-03-15T09:15:39.485Z] <<< [apiv2][status] POST https://cloudresourcemanager.googleapis.com/v1/projects/tw-esports-46ca3:testIamPermissions 200
[debug] [2026-03-15T09:15:39.486Z] <<< [apiv2][body] POST https://cloudresourcemanager.googleapis.com/v1/projects/tw-esports-46ca3:testIamPermissions {"permissions":["cloudfunctions.functions.create","cloudfunctions.functions.delete","cloudfunctions.functions.get","cloudfunctions.functions.list","cloudfunctions.functions.update","cloudfunctions.operations.get","firebase.projects.get"]}
[debug] [2026-03-15T09:15:39.487Z] Checked if tokens are valid: true, expires at: 1773569737069
[debug] [2026-03-15T09:15:39.487Z] Checked if tokens are valid: true, expires at: 1773569737069
[debug] [2026-03-15T09:15:39.488Z] >>> [apiv2][query] POST https://iam.googleapis.com/v1/projects/tw-esports-46ca3/serviceAccounts/tw-esports-46ca3@appspot.gserviceaccount.com:testIamPermissions [none]
[debug] [2026-03-15T09:15:39.488Z] >>> [apiv2][body] POST https://iam.googleapis.com/v1/projects/tw-esports-46ca3/serviceAccounts/tw-esports-46ca3@appspot.gserviceaccount.com:testIamPermissions {"permissions":["iam.serviceAccounts.actAs"]}
[debug] [2026-03-15T09:15:39.839Z] <<< [apiv2][status] POST https://iam.googleapis.com/v1/projects/tw-esports-46ca3/serviceAccounts/tw-esports-46ca3@appspot.gserviceaccount.com:testIamPermissions 404
[debug] [2026-03-15T09:15:39.839Z] <<< [apiv2][body] POST https://iam.googleapis.com/v1/projects/tw-esports-46ca3/serviceAccounts/tw-esports-46ca3@appspot.gserviceaccount.com:testIamPermissions {"error":{"code":404,"message":"Unknown service account","status":"NOT_FOUND"}}
[debug] [2026-03-15T09:15:39.840Z] [functions] service account IAM check errored, deploy may fail: Request to https://iam.googleapis.com/v1/projects/tw-esports-46ca3/serviceAccounts/tw-esports-46ca3@appspot.gserviceaccount.com:testIamPermissions had HTTP Error: 404, Unknown service account {"name":"FirebaseError","children":[],"context":{"body":{"error":{"code":404,"message":"Unknown service account","status":"NOT_FOUND"}},"response":{"statusCode":404}},"exit":1,"message":"Request to https://iam.googleapis.com/v1/projects/tw-esports-46ca3/serviceAccounts/tw-esports-46ca3@appspot.gserviceaccount.com:testIamPermissions had HTTP Error: 404, Unknown service account","status":404}
[info] 
[info] === Deploying to 'tw-esports-46ca3'...
[info] 
[info] i  deploying functions 
[debug] [2026-03-15T09:15:39.847Z] Checked if tokens are valid: true, expires at: 1773569737069
[debug] [2026-03-15T09:15:39.847Z] Checked if tokens are valid: true, expires at: 1773569737069
[debug] [2026-03-15T09:15:39.848Z] >>> [apiv2][query] GET https://cloudresourcemanager.googleapis.com/v1/projects/tw-esports-46ca3 [none]
[debug] [2026-03-15T09:15:40.181Z] <<< [apiv2][status] GET https://cloudresourcemanager.googleapis.com/v1/projects/tw-esports-46ca3 200
[debug] [2026-03-15T09:15:40.181Z] <<< [apiv2][body] GET https://cloudresourcemanager.googleapis.com/v1/projects/tw-esports-46ca3 {"projectNumber":"589459370219","projectId":"tw-esports-46ca3","lifecycleState":"ACTIVE","name":"TW-Esports","labels":{"firebase":"enabled"},"createTime":"2024-03-24T18:51:19.663972Z","parent":{"type":"organization","id":"35526933041"}}
[info] i  functions: preparing codebase default for deployment 
[info] i  functions: ensuring required API cloudfunctions.googleapis.com is enabled... 
[debug] [2026-03-15T09:15:40.184Z] Checked if tokens are valid: true, expires at: 1773569737069
[debug] [2026-03-15T09:15:40.185Z] Checked if tokens are valid: true, expires at: 1773569737069
[info] i  functions: ensuring required API cloudbuild.googleapis.com is enabled... 
[debug] [2026-03-15T09:15:40.187Z] Checked if tokens are valid: true, expires at: 1773569737069
[debug] [2026-03-15T09:15:40.187Z] Checked if tokens are valid: true, expires at: 1773569737069
[info] i  artifactregistry: ensuring required API artifactregistry.googleapis.com is enabled... 
[debug] [2026-03-15T09:15:40.188Z] Checked if tokens are valid: true, expires at: 1773569737069
[debug] [2026-03-15T09:15:40.189Z] Checked if tokens are valid: true, expires at: 1773569737069
[debug] [2026-03-15T09:15:40.189Z] >>> [apiv2][query] GET https://serviceusage.googleapis.com/v1/projects/tw-esports-46ca3/services/cloudfunctions.googleapis.com [none]
[debug] [2026-03-15T09:15:40.190Z] >>> [apiv2][(partial)header] GET https://serviceusage.googleapis.com/v1/projects/tw-esports-46ca3/services/cloudfunctions.googleapis.com  x-goog-user-project=tw-esports-46ca3
[debug] [2026-03-15T09:15:40.192Z] >>> [apiv2][query] GET https://serviceusage.googleapis.com/v1/projects/tw-esports-46ca3/services/cloudbuild.googleapis.com [none]
[debug] [2026-03-15T09:15:40.192Z] >>> [apiv2][(partial)header] GET https://serviceusage.googleapis.com/v1/projects/tw-esports-46ca3/services/cloudbuild.googleapis.com  x-goog-user-project=tw-esports-46ca3
[debug] [2026-03-15T09:15:40.194Z] >>> [apiv2][query] GET https://serviceusage.googleapis.com/v1/projects/tw-esports-46ca3/services/artifactregistry.googleapis.com [none]
[debug] [2026-03-15T09:15:40.195Z] >>> [apiv2][(partial)header] GET https://serviceusage.googleapis.com/v1/projects/tw-esports-46ca3/services/artifactregistry.googleapis.com  x-goog-user-project=tw-esports-46ca3
[debug] [2026-03-15T09:15:42.029Z] <<< [apiv2][status] GET https://serviceusage.googleapis.com/v1/projects/tw-esports-46ca3/services/cloudbuild.googleapis.com 200
[debug] [2026-03-15T09:15:42.029Z] <<< [apiv2][body] GET https://serviceusage.googleapis.com/v1/projects/tw-esports-46ca3/services/cloudbuild.googleapis.com [omitted]
[warn] !  functions: missing required API cloudbuild.googleapis.com. Enabling now... 
[debug] [2026-03-15T09:15:42.030Z] Checked if tokens are valid: true, expires at: 1773569737069
[debug] [2026-03-15T09:15:42.031Z] Checked if tokens are valid: true, expires at: 1773569737069
[debug] [2026-03-15T09:15:42.031Z] >>> [apiv2][query] POST https://serviceusage.googleapis.com/v1/projects/tw-esports-46ca3/services/cloudbuild.googleapis.com:enable [none]
[debug] [2026-03-15T09:15:42.031Z] >>> [apiv2][(partial)header] POST https://serviceusage.googleapis.com/v1/projects/tw-esports-46ca3/services/cloudbuild.googleapis.com:enable  x-goog-user-project=tw-esports-46ca3
[debug] [2026-03-15T09:15:42.038Z] <<< [apiv2][status] GET https://serviceusage.googleapis.com/v1/projects/tw-esports-46ca3/services/cloudfunctions.googleapis.com 200
[debug] [2026-03-15T09:15:42.038Z] <<< [apiv2][body] GET https://serviceusage.googleapis.com/v1/projects/tw-esports-46ca3/services/cloudfunctions.googleapis.com [omitted]
[warn] !  functions: missing required API cloudfunctions.googleapis.com. Enabling now... 
[debug] [2026-03-15T09:15:42.039Z] Checked if tokens are valid: true, expires at: 1773569737069
[debug] [2026-03-15T09:15:42.040Z] Checked if tokens are valid: true, expires at: 1773569737069
[debug] [2026-03-15T09:15:42.040Z] >>> [apiv2][query] POST https://serviceusage.googleapis.com/v1/projects/tw-esports-46ca3/services/cloudfunctions.googleapis.com:enable [none]
[debug] [2026-03-15T09:15:42.041Z] >>> [apiv2][(partial)header] POST https://serviceusage.googleapis.com/v1/projects/tw-esports-46ca3/services/cloudfunctions.googleapis.com:enable  x-goog-user-project=tw-esports-46ca3
[debug] [2026-03-15T09:15:42.056Z] <<< [apiv2][status] GET https://serviceusage.googleapis.com/v1/projects/tw-esports-46ca3/services/artifactregistry.googleapis.com 200
[debug] [2026-03-15T09:15:42.056Z] <<< [apiv2][body] GET https://serviceusage.googleapis.com/v1/projects/tw-esports-46ca3/services/artifactregistry.googleapis.com [omitted]
[warn] !  artifactregistry: missing required API artifactregistry.googleapis.com. Enabling now... 
[debug] [2026-03-15T09:15:42.057Z] Checked if tokens are valid: true, expires at: 1773569737069
[debug] [2026-03-15T09:15:42.057Z] Checked if tokens are valid: true, expires at: 1773569737069
[debug] [2026-03-15T09:15:42.058Z] >>> [apiv2][query] POST https://serviceusage.googleapis.com/v1/projects/tw-esports-46ca3/services/artifactregistry.googleapis.com:enable [none]
[debug] [2026-03-15T09:15:42.058Z] >>> [apiv2][(partial)header] POST https://serviceusage.googleapis.com/v1/projects/tw-esports-46ca3/services/artifactregistry.googleapis.com:enable  x-goog-user-project=tw-esports-46ca3
[debug] [2026-03-15T09:15:42.438Z] <<< [apiv2][status] POST https://serviceusage.googleapis.com/v1/projects/tw-esports-46ca3/services/artifactregistry.googleapis.com:enable 400
[debug] [2026-03-15T09:15:42.439Z] <<< [apiv2][body] POST https://serviceusage.googleapis.com/v1/projects/tw-esports-46ca3/services/artifactregistry.googleapis.com:enable [omitted]
[debug] [2026-03-15T09:15:42.456Z] <<< [apiv2][status] POST https://serviceusage.googleapis.com/v1/projects/tw-esports-46ca3/services/cloudbuild.googleapis.com:enable 400
[debug] [2026-03-15T09:15:42.457Z] <<< [apiv2][body] POST https://serviceusage.googleapis.com/v1/projects/tw-esports-46ca3/services/cloudbuild.googleapis.com:enable [omitted]
[error] 
[error] Error: Your project tw-esports-46ca3 must be on the Blaze (pay-as-you-go) plan to complete this command. Required API artifactregistry.googleapis.com can't be enabled until the upgrade is complete. To upgrade, visit the following URL:

https://console.firebase.google.com/project/tw-esports-46ca3/usage/details
